tests/inputs/05_hidden/file1.txt
----
file

----

