tests/inputs/01_basic/file1.txt
----
   1  Contents of file1.txt

----

tests/inputs/01_basic/file2.txt
----
   1  Contents of file2.txt

----

tests/inputs/01_basic/folder/file3.txt
----
   1  Contents of file3.txt

----

